-- This file and its contents are licensed under the Timescale License.
-- Please see the included NOTICE for copyright information and
-- LICENSE-TIMESCALE for a copy of the license.
--
-- Setup
--
\c :TEST_DBNAME :ROLE_SUPERUSER
CREATE OR REPLACE FUNCTION ts_bgw_db_scheduler_test_run_and_wait_for_scheduler_finish(timeout INT = -1) RETURNS VOID
AS :MODULE_PATHNAME LANGUAGE C VOLATILE;
CREATE OR REPLACE FUNCTION ts_bgw_params_create() RETURNS VOID
AS :MODULE_PATHNAME LANGUAGE C VOLATILE;
\set WAIT_ON_JOB 0
\set IMMEDIATELY_SET_UNTIL 1
\set WAIT_FOR_OTHER_TO_ADVANCE 2
-- Remove any default jobs, e.g., telemetry
DELETE FROM _timescaledb_config.bgw_job WHERE TRUE;
TRUNCATE _timescaledb_internal.bgw_job_stat;
\c :TEST_DBNAME :ROLE_DEFAULT_PERM_USER
CREATE TABLE public.bgw_log(
    msg_no INT,
    mock_time BIGINT,
    application_name TEXT,
    msg TEXT
);
CREATE VIEW sorted_bgw_log AS
    SELECT * FROM bgw_log ORDER BY mock_time, application_name COLLATE "C", msg_no;
CREATE TABLE public.bgw_dsm_handle_store(
    handle BIGINT
);
INSERT INTO public.bgw_dsm_handle_store VALUES (0);
SELECT ts_bgw_params_create();
 ts_bgw_params_create 
----------------------
 
(1 row)

-----------------------------------
-- test drop chunks policy runs for compressed hypertables --
-----------------------------------
CREATE TABLE test_drop_chunks_table(time timestamptz, drop_order int);
SELECT create_hypertable('test_drop_chunks_table', 'time', chunk_time_interval => INTERVAL '1 week');
NOTICE:  adding not-null constraint to column "time"
          create_hypertable          
-------------------------------------
 (1,public,test_drop_chunks_table,t)
(1 row)

-- These inserts should create 5 different chunks
INSERT INTO test_drop_chunks_table VALUES (now() - INTERVAL '2 month',  4);
INSERT INTO test_drop_chunks_table VALUES (now(),                       5);
INSERT INTO test_drop_chunks_table VALUES (now() - INTERVAL '6 months', 2);
INSERT INTO test_drop_chunks_table VALUES (now() - INTERVAL '4 months', 3);
INSERT INTO test_drop_chunks_table VALUES (now() - INTERVAL '8 months', 1);
SELECT show_chunks('test_drop_chunks_table');
              show_chunks               
----------------------------------------
 _timescaledb_internal._hyper_1_1_chunk
 _timescaledb_internal._hyper_1_2_chunk
 _timescaledb_internal._hyper_1_3_chunk
 _timescaledb_internal._hyper_1_4_chunk
 _timescaledb_internal._hyper_1_5_chunk
(5 rows)

SELECT COUNT(*) FROM _timescaledb_catalog.chunk as c, _timescaledb_catalog.hypertable as ht where c.hypertable_id = ht.id and ht.table_name='test_drop_chunks_table';
 count 
-------
     5
(1 row)

SELECT json_object_field(get_telemetry_report(always_display_report := true)::json,'num_drop_chunks_policies');
 json_object_field 
-------------------
 "0"
(1 row)

SELECT add_drop_chunks_policy('test_drop_chunks_table', INTERVAL '4 months') as drop_chunks_job_id \gset
SELECT json_object_field(get_telemetry_report(always_display_report := true)::json,'num_drop_chunks_policies');
 json_object_field 
-------------------
 "1"
(1 row)

SELECT alter_job_schedule(:drop_chunks_job_id, schedule_interval => INTERVAL '1 second');
                 alter_job_schedule                  
-----------------------------------------------------
 (1000,"@ 1 sec","@ 5 mins",-1,"@ 5 mins",-infinity)
(1 row)

select * from _timescaledb_config.bgw_policy_drop_chunks where job_id=:drop_chunks_job_id;
 job_id | hypertable_id |   older_than    | cascade | cascade_to_materializations 
--------+---------------+-----------------+---------+-----------------------------
   1000 |             1 | (t,"@ 4 mons",) | f       | f
(1 row)

SELECT * FROM _timescaledb_config.bgw_job where id=:drop_chunks_job_id;
  id  |      application_name      |  job_type   | schedule_interval | max_runtime | max_retries | retry_period 
------+----------------------------+-------------+-------------------+-------------+-------------+--------------
 1000 | Drop Chunks Background Job | drop_chunks | @ 1 sec           | @ 5 mins    |          -1 | @ 5 mins
(1 row)

--turn on compression and compress all chunks
ALTER TABLE test_drop_chunks_table set (timescaledb.compress, timescaledb.compress_orderby = 'time DESC');
SELECT count(compress_chunk(chunk.schema_name|| '.' || chunk.table_name)) as count_compressed
FROM _timescaledb_catalog.chunk chunk
INNER JOIN _timescaledb_catalog.hypertable hypertable ON (chunk.hypertable_id = hypertable.id)
WHERE hypertable.table_name like 'test_drop_chunks_table' and chunk.compressed_chunk_id IS NULL;
 count_compressed 
------------------
                5
(1 row)

--make sure same # of compressed and uncompressed chunks before policy
SELECT count(*) as count_chunks_uncompressed
FROM _timescaledb_catalog.chunk chunk
INNER JOIN _timescaledb_catalog.hypertable hypertable ON (chunk.hypertable_id = hypertable.id)
WHERE hypertable.table_name like 'test_drop_chunks_table';
 count_chunks_uncompressed 
---------------------------
                         5
(1 row)

SELECT count(*) as count_chunks_compressed
FROM _timescaledb_catalog.chunk chunk
INNER JOIN _timescaledb_catalog.hypertable comp_hyper ON (chunk.hypertable_id = comp_hyper.id)
INNER JOIN _timescaledb_catalog.hypertable uncomp_hyper ON (comp_hyper.id = uncomp_hyper.compressed_hypertable_id)
WHERE uncomp_hyper.table_name like 'test_drop_chunks_table';
 count_chunks_compressed 
-------------------------
                       5
(1 row)

SELECT show_chunks('test_drop_chunks_table');
              show_chunks               
----------------------------------------
 _timescaledb_internal._hyper_1_1_chunk
 _timescaledb_internal._hyper_1_2_chunk
 _timescaledb_internal._hyper_1_3_chunk
 _timescaledb_internal._hyper_1_4_chunk
 _timescaledb_internal._hyper_1_5_chunk
(5 rows)

SELECT ts_bgw_db_scheduler_test_run_and_wait_for_scheduler_finish(1000000);
 ts_bgw_db_scheduler_test_run_and_wait_for_scheduler_finish 
------------------------------------------------------------
 
(1 row)

SELECT show_chunks('test_drop_chunks_table');
              show_chunks               
----------------------------------------
 _timescaledb_internal._hyper_1_1_chunk
 _timescaledb_internal._hyper_1_2_chunk
 _timescaledb_internal._hyper_1_4_chunk
(3 rows)

--make sure same # of compressed and uncompressed chunks after policy, reduced by 2
SELECT count(*) as count_chunks_uncompressed
FROM _timescaledb_catalog.chunk chunk
INNER JOIN _timescaledb_catalog.hypertable hypertable ON (chunk.hypertable_id = hypertable.id)
WHERE hypertable.table_name like 'test_drop_chunks_table';
 count_chunks_uncompressed 
---------------------------
                         3
(1 row)

SELECT count(*) as count_chunks_compressed
FROM _timescaledb_catalog.chunk chunk
INNER JOIN _timescaledb_catalog.hypertable comp_hyper ON (chunk.hypertable_id = comp_hyper.id)
INNER JOIN _timescaledb_catalog.hypertable uncomp_hyper ON (comp_hyper.id = uncomp_hyper.compressed_hypertable_id)
WHERE uncomp_hyper.table_name like 'test_drop_chunks_table';
 count_chunks_compressed 
-------------------------
                       3
(1 row)

