-- This file and its contents are licensed under the Timescale License.
-- Please see the included NOTICE for copyright information and
-- LICENSE-TIMESCALE for a copy of the license.
--
-- Setup for testing bgw jobs ---
--
\c :TEST_DBNAME :ROLE_SUPERUSER
CREATE OR REPLACE FUNCTION ts_bgw_db_scheduler_test_run_and_wait_for_scheduler_finish(timeout INT = -1) RETURNS VOID
AS :MODULE_PATHNAME LANGUAGE C VOLATILE;
CREATE OR REPLACE FUNCTION ts_bgw_params_create() RETURNS VOID
AS :MODULE_PATHNAME LANGUAGE C VOLATILE;
\set WAIT_ON_JOB 0
\set IMMEDIATELY_SET_UNTIL 1
\set WAIT_FOR_OTHER_TO_ADVANCE 2
-- Remove any default jobs, e.g., telemetry
DELETE FROM _timescaledb_config.bgw_job WHERE TRUE;
TRUNCATE _timescaledb_internal.bgw_job_stat;
\c :TEST_DBNAME :ROLE_DEFAULT_PERM_USER
CREATE TABLE public.bgw_log(
    msg_no INT,
    mock_time BIGINT,
    application_name TEXT,
    msg TEXT
);
CREATE VIEW sorted_bgw_log AS
    SELECT * FROM bgw_log ORDER BY mock_time, application_name COLLATE "C", msg_no;
CREATE TABLE public.bgw_dsm_handle_store(
    handle BIGINT
);
INSERT INTO public.bgw_dsm_handle_store VALUES (0);
SELECT ts_bgw_params_create();
 ts_bgw_params_create 
----------------------
 
(1 row)

-----------------------------------
-- test drop chunks policy runs for materialized hypertables created for
-- cont. aggregates
-----------------------------------
\c :TEST_DBNAME :ROLE_DEFAULT_PERM_USER
CREATE TABLE drop_chunks_table(time BIGINT, data INTEGER);
SELECT hypertable_id AS drop_chunks_table_nid
    FROM create_hypertable('drop_chunks_table', 'time', chunk_time_interval => 1) \gset
NOTICE:  adding not-null constraint to column "time"
CREATE OR REPLACE FUNCTION integer_now_test2() returns bigint LANGUAGE SQL STABLE as $$ SELECT 40::bigint  $$;
SELECT set_integer_now_func('drop_chunks_table', 'integer_now_test2');
 set_integer_now_func 
----------------------
 
(1 row)

CREATE VIEW drop_chunks_view1 WITH ( timescaledb.continuous, timescaledb.refresh_interval='72 hours', timescaledb.refresh_lag = '-5', timescaledb.max_interval_per_job=100)
AS SELECT time_bucket('5', time), max(data)
    FROM drop_chunks_table
    GROUP BY 1;
--raw hypertable will have 40 chunks and the mat. hypertable will have 2 and 4
-- chunks respectively
SELECT set_chunk_time_interval('_timescaledb_internal._materialized_hypertable_2', 10);
 set_chunk_time_interval 
-------------------------
 
(1 row)

\set ON_ERROR_STOP 0
INSERT INTO drop_chunks_table SELECT i, i FROM generate_series(1, 39) AS i;
\set ON_ERROR_STOP 1
REFRESH MATERIALIZED VIEW drop_chunks_view1;
--TEST1  specify drop chunks policy on mat. hypertable by
-- directly does not work
\set ON_ERROR_STOP 0
SELECT add_drop_chunks_policy( '_timescaledb_internal._materialized_hypertable_2', older_than=> -50, cascade_to_materializations=>false ) as drop_chunks_job_id1 \gset
ERROR:  cannot add drop chunks policy to materialized hypertable "_materialized_hypertable_2" 
\set ON_ERROR_STOP 1
--TEST2  specify drop chunks policy on cont. aggregate
-- integer_now func on raw hypertable is used by the drop
-- chunks policy
SELECT hypertable_id, table_name, integer_now_func
FROM _timescaledb_catalog.dimension d,  _timescaledb_catalog.hypertable ht
WHERE ht.id = d.hypertable_id;
 hypertable_id |         table_name         | integer_now_func  
---------------+----------------------------+-------------------
             1 | drop_chunks_table          | integer_now_test2
             2 | _materialized_hypertable_2 | 
(2 rows)

SELECT chunk_table, ranges FROM chunk_relation_size('_timescaledb_internal._materialized_hypertable_2')
ORDER BY ranges;
               chunk_table               |   ranges    
-----------------------------------------+-------------
 _timescaledb_internal._hyper_2_40_chunk | {"[0,10)"}
 _timescaledb_internal._hyper_2_41_chunk | {"[10,20)"}
 _timescaledb_internal._hyper_2_42_chunk | {"[20,30)"}
 _timescaledb_internal._hyper_2_43_chunk | {"[30,40)"}
(4 rows)

SELECT add_drop_chunks_policy( 'drop_chunks_view1', older_than=> 10, cascade_to_materializations=>false ) as drop_chunks_job_id1 \gset
SELECT alter_job_schedule(:drop_chunks_job_id1, schedule_interval => INTERVAL '1 second');
                 alter_job_schedule                  
-----------------------------------------------------
 (1001,"@ 1 sec","@ 5 mins",-1,"@ 5 mins",-infinity)
(1 row)

SELECT ts_bgw_db_scheduler_test_run_and_wait_for_scheduler_finish(2000000);
 ts_bgw_db_scheduler_test_run_and_wait_for_scheduler_finish 
------------------------------------------------------------
 
(1 row)

SELECT count(c) from show_chunks('_timescaledb_internal._materialized_hypertable_2') as c ;
 count 
-------
     1
(1 row)

SELECT remove_drop_chunks_policy('drop_chunks_view1');
 remove_drop_chunks_policy 
---------------------------
 
(1 row)

\set ON_ERROR_STOP 0
SELECT remove_drop_chunks_policy('unknown');
ERROR:  relation "unknown" does not exist at character 34
SELECT remove_drop_chunks_policy('1');
ERROR:  OID 1 does not refer to a hypertable or continuous aggregate
\set ON_ERROR_STOP 1
