Parsed test spec with 6 sessions

starting permutation: LockChunk1 I1 C1 UnlockChunk Ic Cc SC1 S1
step LockChunk1: BEGIN; select lock_chunktable (q.chname) from (select ch.schema_name || '.' || ch.table_name as chname from _timescaledb_catalog.hypertable ht, _timescaledb_catalog.chunk ch where ch.hypertable_id = ht.id and ht.table_name like 'ts_device_table' order by ch.id limit 1 ) q;
lock_chunktable

               
step I1: BEGIN; INSERT INTO ts_device_table VALUES (1, 1, 100, 100); <waiting ...>
step C1: BEGIN; SELECT compress_chunk(q.chname) from (select ch.schema_name || '.' || ch.table_name as chname from _timescaledb_catalog.hypertable ht, _timescaledb_catalog.chunk ch where ch.hypertable_id = ht.id and ht.table_name like 'ts_device_table' order by ch.id limit 1 ) q; <waiting ...>
step UnlockChunk: ROLLBACK;
step I1: <... completed>
step Ic: COMMIT;
step C1: <... completed>
compress_chunk 

_timescaledb_internal._hyper_1_1_chunk
step Cc: COMMIT;
step SC1: SELECT count(*) from _timescaledb_internal._hyper_1_1_chunk;
count          

0              
step S1: SELECT count(*) from ts_device_table;
count          

31             

starting permutation: LockChunk1 C1 I1 UnlockChunk Cc Ic
step LockChunk1: BEGIN; select lock_chunktable (q.chname) from (select ch.schema_name || '.' || ch.table_name as chname from _timescaledb_catalog.hypertable ht, _timescaledb_catalog.chunk ch where ch.hypertable_id = ht.id and ht.table_name like 'ts_device_table' order by ch.id limit 1 ) q;
lock_chunktable

               
step C1: BEGIN; SELECT compress_chunk(q.chname) from (select ch.schema_name || '.' || ch.table_name as chname from _timescaledb_catalog.hypertable ht, _timescaledb_catalog.chunk ch where ch.hypertable_id = ht.id and ht.table_name like 'ts_device_table' order by ch.id limit 1 ) q; <waiting ...>
step I1: BEGIN; INSERT INTO ts_device_table VALUES (1, 1, 100, 100); <waiting ...>
step UnlockChunk: ROLLBACK;
step C1: <... completed>
compress_chunk 

_timescaledb_internal._hyper_3_5_chunk
step Cc: COMMIT;
step I1: <... completed>
error in steps Cc I1: ERROR:  insert/update/delete not permitted on chunk "_hyper_3_5_chunk"
step Ic: COMMIT;

starting permutation: LockChunk1 A1 C1 UnlockChunk Cc A2
step LockChunk1: BEGIN; select lock_chunktable (q.chname) from (select ch.schema_name || '.' || ch.table_name as chname from _timescaledb_catalog.hypertable ht, _timescaledb_catalog.chunk ch where ch.hypertable_id = ht.id and ht.table_name like 'ts_device_table' order by ch.id limit 1 ) q;
lock_chunktable

               
step A1: BEGIN; ALTER TABLE ts_device_table SET ( fillfactor = 80); <waiting ...>
step C1: BEGIN; SELECT compress_chunk(q.chname) from (select ch.schema_name || '.' || ch.table_name as chname from _timescaledb_catalog.hypertable ht, _timescaledb_catalog.chunk ch where ch.hypertable_id = ht.id and ht.table_name like 'ts_device_table' order by ch.id limit 1 ) q; <waiting ...>
step UnlockChunk: ROLLBACK;
step A1: <... completed>
step C1: <... completed>
ERROR:  canceling statement due to user request
step Cc: COMMIT;
step A2: COMMIT;

starting permutation: LockChunk1 A1 C1 UnlockChunk A2 Cc
step LockChunk1: BEGIN; select lock_chunktable (q.chname) from (select ch.schema_name || '.' || ch.table_name as chname from _timescaledb_catalog.hypertable ht, _timescaledb_catalog.chunk ch where ch.hypertable_id = ht.id and ht.table_name like 'ts_device_table' order by ch.id limit 1 ) q;
lock_chunktable

               
step A1: BEGIN; ALTER TABLE ts_device_table SET ( fillfactor = 80); <waiting ...>
step C1: BEGIN; SELECT compress_chunk(q.chname) from (select ch.schema_name || '.' || ch.table_name as chname from _timescaledb_catalog.hypertable ht, _timescaledb_catalog.chunk ch where ch.hypertable_id = ht.id and ht.table_name like 'ts_device_table' order by ch.id limit 1 ) q; <waiting ...>
step UnlockChunk: ROLLBACK;
step A1: <... completed>
step A2: COMMIT;
step C1: <... completed>
compress_chunk 

_timescaledb_internal._hyper_7_13_chunk
step Cc: COMMIT;

starting permutation: LockChunk1 C1 D1 UnlockChunk Cc Dc
step LockChunk1: BEGIN; select lock_chunktable (q.chname) from (select ch.schema_name || '.' || ch.table_name as chname from _timescaledb_catalog.hypertable ht, _timescaledb_catalog.chunk ch where ch.hypertable_id = ht.id and ht.table_name like 'ts_device_table' order by ch.id limit 1 ) q;
lock_chunktable

               
step C1: BEGIN; SELECT compress_chunk(q.chname) from (select ch.schema_name || '.' || ch.table_name as chname from _timescaledb_catalog.hypertable ht, _timescaledb_catalog.chunk ch where ch.hypertable_id = ht.id and ht.table_name like 'ts_device_table' order by ch.id limit 1 ) q; <waiting ...>
step D1: BEGIN; SELECT decompress_chunk(q.chname) from (select ch.schema_name || '.' || ch.table_name as chname from _timescaledb_catalog.hypertable ht, _timescaledb_catalog.chunk ch where ch.hypertable_id = ht.id and ht.table_name like 'ts_device_table' order by ch.id limit 1 ) q;
ERROR:  chunk "_hyper_9_17_chunk" is not compressed
step UnlockChunk: ROLLBACK;
step C1: <... completed>
compress_chunk 

_timescaledb_internal._hyper_9_17_chunk
step Cc: COMMIT;
step Dc: COMMIT;

starting permutation: LockChunk1 C1 S1 UnlockChunk Cc SH
step LockChunk1: BEGIN; select lock_chunktable (q.chname) from (select ch.schema_name || '.' || ch.table_name as chname from _timescaledb_catalog.hypertable ht, _timescaledb_catalog.chunk ch where ch.hypertable_id = ht.id and ht.table_name like 'ts_device_table' order by ch.id limit 1 ) q;
lock_chunktable

               
step C1: BEGIN; SELECT compress_chunk(q.chname) from (select ch.schema_name || '.' || ch.table_name as chname from _timescaledb_catalog.hypertable ht, _timescaledb_catalog.chunk ch where ch.hypertable_id = ht.id and ht.table_name like 'ts_device_table' order by ch.id limit 1 ) q; <waiting ...>
step S1: SELECT count(*) from ts_device_table;
count          

30             
step UnlockChunk: ROLLBACK;
step C1: <... completed>
compress_chunk 

_timescaledb_internal._hyper_11_21_chunk
step Cc: COMMIT;
step SH: SELECT total_chunks, number_compressed_chunks from timescaledb_information.compressed_hypertable_stats where hypertable_name::text like 'ts_device_table';
total_chunks   number_compressed_chunks

3              1              

starting permutation: LockChunk1 C1 S1 UnlockChunk SH Cc
step LockChunk1: BEGIN; select lock_chunktable (q.chname) from (select ch.schema_name || '.' || ch.table_name as chname from _timescaledb_catalog.hypertable ht, _timescaledb_catalog.chunk ch where ch.hypertable_id = ht.id and ht.table_name like 'ts_device_table' order by ch.id limit 1 ) q;
lock_chunktable

               
step C1: BEGIN; SELECT compress_chunk(q.chname) from (select ch.schema_name || '.' || ch.table_name as chname from _timescaledb_catalog.hypertable ht, _timescaledb_catalog.chunk ch where ch.hypertable_id = ht.id and ht.table_name like 'ts_device_table' order by ch.id limit 1 ) q; <waiting ...>
step S1: SELECT count(*) from ts_device_table;
count          

30             
step UnlockChunk: ROLLBACK;
step C1: <... completed>
compress_chunk 

_timescaledb_internal._hyper_13_25_chunk
step SH: SELECT total_chunks, number_compressed_chunks from timescaledb_information.compressed_hypertable_stats where hypertable_name::text like 'ts_device_table';
total_chunks   number_compressed_chunks

step Cc: COMMIT;
