-- This file and its contents are licensed under the Apache License 2.0.
-- Please see the included NOTICE for copyright information and
-- LICENSE-APACHE for a copy of the license.
\unset ECHO
SELECT allow_downgrade_to_apache();
 allow_downgrade_to_apache 
---------------------------
 
(1 row)

SET timescaledb.license_key='ApacheOnly';
SELECT locf(1);
ERROR:  function "locf" is not supported under the current license "ApacheOnly"
HINT:  Upgrade to a Timescale-licensed binary to access this free community feature
SELECT interpolate(1);
ERROR:  function "interpolate" is not supported under the current license "ApacheOnly"
HINT:  Upgrade to a Timescale-licensed binary to access this free community feature
SELECT time_bucket_gapfill(1,1,1,1);
ERROR:  function "time_bucket_gapfill" is not supported under the current license "ApacheOnly"
HINT:  Upgrade to a Timescale-licensed binary to access this free community feature
