-- Copyright (c) 2016-2018  Timescale, Inc. All Rights Reserved.
--
-- This file is licensed under the Apache License,
-- see LICENSE-APACHE at the top level directory.
\c :TEST_DBNAME :ROLE_SUPERUSER
CREATE OR REPLACE FUNCTION _timescaledb_internal.utils_test_list_cell_detach() RETURNS BOOL
    AS :MODULE_PATHNAME, 'ts_test_list_cell_detach' LANGUAGE C IMMUTABLE STRICT PARALLEL SAFE;
\c :TEST_DBNAME :ROLE_DEFAULT_PERM_USER
SELECT _timescaledb_internal.utils_test_list_cell_detach();
 utils_test_list_cell_detach 
-----------------------------
 t
(1 row)

